../runs/pose_state/ctrl_s1/best.pt: pose head 0, pose input False, trained pose False
  tau 1.15 | original data, held-out validation episodes | random start: 210 windows
  tau 1.15 | original data, held-out validation episodes | 30 steps before leaving the road: 52 windows
  tau 1.15 | test-track rollouts of dream-trained drivers | random start: 1800 windows
  tau 1.15 | test-track rollouts of dream-trained drivers | 30 steps before leaving the road: 275 windows

original data, held-out validation episodes | random start (210 windows), tau 1.15
  real: probe on real frame          0-5: 0.96/0.97  5-10: 0.98/0.98  10-20: 0.98/0.97  20-40: 0.96/0.96  40-70: 0.96/0.94  70-100: 0.95/0.93
  real: probe on 1-step prediction   0-5: 0.96/0.96  5-10: 0.97/0.97  10-20: 0.97/0.96  20-40: 0.96/0.94  40-70: 0.95/0.93  70-100: 0.95/0.92
  own                                0-5: 0.96/0.96  5-10: 0.96/0.94  10-20: 0.95/0.94  20-40: 0.93/0.92  40-70: 0.88/0.89  70-100: 0.84/0.87

original data, held-out validation episodes | 30 steps before leaving the road (52 windows), tau 1.15
  real: probe on real frame          0-5: 0.94/-  5-10: 0.96/0.99  10-20: 0.93/0.64  20-40: 0.75/0.87  40-70: 0.90/0.90  70-100: 0.97/0.98
  real: probe on 1-step prediction   0-5: 0.94/-  5-10: 0.95/0.84  10-20: 0.88/0.54  20-40: 0.73/0.85  40-70: 0.89/0.89  70-100: 0.96/0.96
  own                                0-5: 0.94/-  5-10: 0.96/0.69  10-20: 0.87/0.51  20-40: 0.65/0.64  40-70: 0.74/0.75  70-100: 0.74/0.81

test-track rollouts of dream-trained drivers | random start (1800 windows), tau 1.15
  real: probe on real frame          0-5: 0.97/0.90  5-10: 0.97/0.90  10-20: 0.97/0.90  20-40: 0.96/0.89  40-70: 0.96/0.90  70-100: 0.96/0.89
  real: probe on 1-step prediction   0-5: 0.97/0.87  5-10: 0.97/0.87  10-20: 0.97/0.87  20-40: 0.97/0.86  40-70: 0.96/0.86  70-100: 0.96/0.86
  own                                0-5: 0.97/0.85  5-10: 0.96/0.79  10-20: 0.94/0.73  20-40: 0.79/0.62  40-70: 0.51/0.58  70-100: 0.37/0.57

test-track rollouts of dream-trained drivers | 30 steps before leaving the road (275 windows), tau 1.15
  real: probe on real frame          0-5: 0.90/0.45  5-10: 0.88/0.39  10-20: 0.93/0.23  20-40: 0.79/0.91  40-70: 0.88/0.87  70-100: 0.85/0.84
  real: probe on 1-step prediction   0-5: 0.90/0.40  5-10: 0.86/0.33  10-20: 0.92/0.33  20-40: 0.79/0.86  40-70: 0.85/0.84  70-100: 0.83/0.80
  own                                0-5: 0.90/0.33  5-10: 0.88/0.21  10-20: 0.84/0.42  20-40: 0.54/0.38  40-70: 0.46/0.46  70-100: 0.45/0.48
written /Users/jordanbonil/Documents/source/lucid-dream-racer/reports/pose_state/horizon/ctrl_s1_tau1.15.json (1.9 min)
  tau 0.05 | original data, held-out validation episodes | random start: 210 windows
  tau 0.05 | original data, held-out validation episodes | 30 steps before leaving the road: 52 windows
  tau 0.05 | test-track rollouts of dream-trained drivers | random start: 1800 windows
  tau 0.05 | test-track rollouts of dream-trained drivers | 30 steps before leaving the road: 275 windows

original data, held-out validation episodes | random start (210 windows), tau 0.05
  real: probe on real frame          0-5: 0.96/0.97  5-10: 0.98/0.98  10-20: 0.98/0.97  20-40: 0.96/0.96  40-70: 0.96/0.94  70-100: 0.95/0.93
  real: probe on 1-step prediction   0-5: 0.97/0.98  5-10: 0.99/0.99  10-20: 0.99/0.99  20-40: 0.97/0.97  40-70: 0.97/0.96  70-100: 0.97/0.95
  own                                0-5: 0.97/0.98  5-10: 0.98/0.97  10-20: 0.98/0.98  20-40: 0.95/0.95  40-70: 0.92/0.93  70-100: 0.88/0.91

original data, held-out validation episodes | 30 steps before leaving the road (52 windows), tau 0.05
  real: probe on real frame          0-5: 0.94/-  5-10: 0.96/0.99  10-20: 0.93/0.64  20-40: 0.75/0.87  40-70: 0.90/0.90  70-100: 0.97/0.98
  real: probe on 1-step prediction   0-5: 0.96/-  5-10: 0.98/0.82  10-20: 0.94/0.67  20-40: 0.76/0.88  40-70: 0.92/0.91  70-100: 0.98/0.99
  own                                0-5: 0.96/-  5-10: 0.98/0.90  10-20: 0.90/0.70  20-40: 0.69/0.73  40-70: 0.78/0.80  70-100: 0.79/0.88

test-track rollouts of dream-trained drivers | random start (1800 windows), tau 0.05
  real: probe on real frame          0-5: 0.97/0.90  5-10: 0.97/0.90  10-20: 0.97/0.90  20-40: 0.96/0.89  40-70: 0.96/0.90  70-100: 0.96/0.89
  real: probe on 1-step prediction   0-5: 0.98/0.92  5-10: 0.98/0.91  10-20: 0.98/0.91  20-40: 0.98/0.91  40-70: 0.97/0.91  70-100: 0.97/0.91
  own                                0-5: 0.98/0.91  5-10: 0.97/0.85  10-20: 0.96/0.79  20-40: 0.80/0.68  40-70: 0.46/0.67  70-100: 0.32/0.69

test-track rollouts of dream-trained drivers | 30 steps before leaving the road (275 windows), tau 0.05
  real: probe on real frame          0-5: 0.90/0.45  5-10: 0.88/0.39  10-20: 0.93/0.23  20-40: 0.79/0.91  40-70: 0.88/0.87  70-100: 0.85/0.84
  real: probe on 1-step prediction   0-5: 0.93/0.33  5-10: 0.90/0.35  10-20: 0.94/0.29  20-40: 0.82/0.90  40-70: 0.89/0.88  70-100: 0.87/0.85
  own                                0-5: 0.93/0.32  5-10: 0.90/0.19  10-20: 0.88/0.49  20-40: 0.55/0.39  40-70: 0.49/0.52  70-100: 0.50/0.59
written /Users/jordanbonil/Documents/source/lucid-dream-racer/reports/pose_state/horizon/ctrl_s1_tau0.05.json (1.5 min)
