22:06:45 r00/proposers: start   (about 84 min left in total, estimate)
22:06:45   this round's world model has no on-road head: no road penalty for its proposers
22:06:45 r00/proposers: done in 0.0 min (about 0.00 euros so far)
22:06:45 r00/measure: already done, skipping
22:06:45 r00/critic: start   (about 53 min left in total, estimate)
  real rollouts: 12/120  (0.5 min elapsed, about 4.3 min left)
  real rollouts: 24/120  (0.9 min elapsed, about 3.7 min left)
  real rollouts: 36/120  (1.4 min elapsed, about 3.2 min left)
  real rollouts: 48/120  (1.7 min elapsed, about 2.6 min left)
  real rollouts: 60/120  (2.2 min elapsed, about 2.2 min left)
  real rollouts: 72/120  (2.6 min elapsed, about 1.7 min left)
  real rollouts: 84/120  (3.0 min elapsed, about 1.3 min left)
  real rollouts: 96/120  (3.5 min elapsed, about 0.9 min left)
  real rollouts: 108/120  (3.9 min elapsed, about 0.4 min left)
  real rollouts: 120/120  (4.3 min elapsed, about 0.0 min left)
  road probe: held-out AUC 0.992 on 113309 real frames (26157 off-road)
  real replays: 36/360  (0.7 min elapsed, about 6.0 min left)
  real replays: 72/360  (1.3 min elapsed, about 5.2 min left)
  real replays: 108/360  (1.9 min elapsed, about 4.5 min left)
  real replays: 144/360  (2.3 min elapsed, about 3.5 min left)
  real replays: 180/360  (2.8 min elapsed, about 2.8 min left)
  real replays: 216/360  (3.3 min elapsed, about 2.2 min left)
  real replays: 252/360  (3.9 min elapsed, about 1.7 min left)
  real replays: 288/360  (4.4 min elapsed, about 1.1 min left)
  real replays: 324/360  (5.1 min elapsed, about 0.6 min left)
  real replays: 360/360  (5.7 min elapsed, about 0.0 min left)
22:17:14   kept 180 of 360 candidates (mean gap 38.3)
22:17:14 r00/critic: done in 10.5 min (about 0.00 euros so far)
22:17:14 r00/finetune: start   (about 48 min left in total, estimate)
22:18:14     step 500/5000  nll 0.992  val nll 1.005  val r_mse 0.776  on-road acc 0.983 (branches 0.975, off-road recall 0.95)  about 8.5 min left
22:19:14     step 1000/5000  nll 0.991  val nll 0.993  val r_mse 0.883  on-road acc 0.986 (branches 0.978, off-road recall 0.98)  about 7.4 min left
22:20:14     step 1500/5000  nll 1.005  val nll 0.978  val r_mse 0.768  on-road acc 0.984 (branches 0.984, off-road recall 0.97)  about 6.4 min left
22:21:14     step 2000/5000  nll 0.993  val nll 0.984  val r_mse 0.836  on-road acc 0.989 (branches 0.983, off-road recall 0.97)  about 5.5 min left
22:22:14     step 2500/5000  nll 1.006  val nll 0.999  val r_mse 0.909  on-road acc 0.992 (branches 0.987, off-road recall 0.98)  about 4.6 min left
22:23:14     step 3000/5000  nll 1.019  val nll 0.986  val r_mse 0.833  on-road acc 0.990 (branches 0.976, off-road recall 0.95)  about 3.6 min left
22:24:14     step 3500/5000  nll 0.976  val nll 0.996  val r_mse 0.806  on-road acc 0.992 (branches 0.982, off-road recall 0.97)  about 2.7 min left
22:25:14     step 4000/5000  nll 1.004  val nll 0.982  val r_mse 0.781  on-road acc 0.986 (branches 0.984, off-road recall 0.98)  about 1.8 min left
22:26:14     step 4500/5000  nll 0.990  val nll 0.984  val r_mse 0.805  on-road acc 0.994 (branches 0.986, off-road recall 0.97)  about 0.9 min left
22:26:23   fine-tuned on 900 branch episodes
22:26:23 r00/finetune: done in 9.2 min (about 0.00 euros so far)
22:26:23 r01/proposers: start   (about 40 min left in total, estimate)
22:26:23   training proposer 0
22:27:23     dream CMA-ES:  34%|███▍      | 34/100 [00:56<01:43,  1.58s/gen, best_real=-90, dream_avg=19]
22:28:23     dream CMA-ES:  72%|███████▏  | 72/100 [01:56<00:41,  1.48s/gen, best_real=-90, dream_avg=28]
22:29:12   training proposer 1
22:30:12     dream CMA-ES:  31%|███       | 31/100 [00:55<02:04,  1.80s/gen, best_real=179, dream_avg=79]
22:31:12     dream CMA-ES:  63%|██████▎   | 63/100 [01:56<00:55,  1.51s/gen, best_real=259, dream_avg=124]
22:32:13     dream CMA-ES:  92%|█████████▏| 92/100 [02:55<00:11,  1.48s/gen, best_real=354, dream_avg=136]
22:32:39   training proposer 2
22:33:39     dream CMA-ES:  32%|███▏      | 32/100 [00:55<01:51,  1.64s/gen, best_real=263, dream_avg=115]
22:34:39     dream CMA-ES:  68%|██████▊   | 68/100 [01:56<00:44,  1.40s/gen, best_real=280, dream_avg=134]
22:35:39     dream CMA-ES:  99%|█████████▉| 99/100 [02:50<00:01,  1.38s/gen, best_real=310, dream_avg=141]
22:35:45 r01/proposers: done in 9.4 min (about 0.00 euros so far)
22:35:45 r01/measure: start   (about 45 min left in total, estimate)
  real rollouts: 15/150  (0.7 min elapsed, about 6.3 min left)
  real rollouts: 30/150  (1.1 min elapsed, about 4.6 min left)
  real rollouts: 45/150  (1.8 min elapsed, about 4.2 min left)
  real rollouts: 60/150  (2.3 min elapsed, about 3.4 min left)
  real rollouts: 75/150  (2.9 min elapsed, about 2.9 min left)
  real rollouts: 90/150  (3.4 min elapsed, about 2.3 min left)
  real rollouts: 105/150  (4.0 min elapsed, about 1.7 min left)
  real rollouts: 120/150  (4.5 min elapsed, about 1.1 min left)
  real rollouts: 135/150  (5.2 min elapsed, about 0.6 min left)
  real rollouts: 150/150  (5.6 min elapsed, about 0.0 min left)
  road probe: held-out AUC 0.965 on 149870 real frames (6291 off-road)
  real replays: 45/450  (0.9 min elapsed, about 8.0 min left)
  real replays: 90/450  (1.6 min elapsed, about 6.6 min left)
  real replays: 135/450  (2.5 min elapsed, about 5.9 min left)
  real replays: 180/450  (3.4 min elapsed, about 5.2 min left)
  real replays: 225/450  (4.3 min elapsed, about 4.3 min left)
  real replays: 270/450  (5.1 min elapsed, about 3.4 min left)
  real replays: 315/450  (5.9 min elapsed, about 2.5 min left)
  real replays: 360/450  (6.8 min elapsed, about 1.7 min left)
  real replays: 405/450  (7.5 min elapsed, about 0.8 min left)
  real replays: 450/450  (8.2 min elapsed, about 0.0 min left)
22:50:17   round 1: real return 230.6, exploit gap 40.8, real on-road share 0.84
22:50:17 r01/measure: done in 14.5 min (about 0.00 euros so far)
22:50:17 r01/critic: start   (about 39 min left in total, estimate)
  real rollouts: 12/120  (0.5 min elapsed, about 4.2 min left)
  real rollouts: 24/120  (0.9 min elapsed, about 3.7 min left)
  real rollouts: 36/120  (1.4 min elapsed, about 3.2 min left)
  real rollouts: 48/120  (1.8 min elapsed, about 2.7 min left)
  real rollouts: 60/120  (2.3 min elapsed, about 2.3 min left)
  real rollouts: 72/120  (2.7 min elapsed, about 1.8 min left)
  real rollouts: 84/120  (3.1 min elapsed, about 1.3 min left)
  real rollouts: 96/120  (3.6 min elapsed, about 0.9 min left)
  real rollouts: 108/120  (4.1 min elapsed, about 0.5 min left)
  real rollouts: 120/120  (4.5 min elapsed, about 0.0 min left)
  road probe: held-out AUC 0.983 on 120000 real frames (7253 off-road)
  real replays: 36/360  (0.7 min elapsed, about 6.2 min left)
  real replays: 72/360  (1.4 min elapsed, about 5.4 min left)
  real replays: 108/360  (1.9 min elapsed, about 4.5 min left)
  real replays: 144/360  (2.6 min elapsed, about 3.8 min left)
  real replays: 180/360  (3.4 min elapsed, about 3.4 min left)
  real replays: 216/360  (4.0 min elapsed, about 2.7 min left)
  real replays: 252/360  (4.8 min elapsed, about 2.1 min left)
  real replays: 288/360  (5.4 min elapsed, about 1.3 min left)
  real replays: 324/360  (6.0 min elapsed, about 0.7 min left)
  real replays: 360/360  (6.6 min elapsed, about 0.0 min left)
23:01:58   kept 180 of 360 candidates (mean gap 37.9)
23:01:58 r01/critic: done in 11.7 min (about 0.00 euros so far)
23:01:58 r01/finetune: start   (about 28 min left in total, estimate)
23:02:58     (no output yet)
23:03:58     step 500/5000  nll 0.978  val nll 0.980  val r_mse 0.853  on-road acc 0.992 (branches 0.984, off-road recall 0.97)  about 9.1 min left
23:04:58     step 1000/5000  nll 0.973  val nll 0.981  val r_mse 0.811  on-road acc 0.991 (branches 0.987, off-road recall 0.97)  about 8.4 min left
23:05:58     step 1500/5000  nll 0.981  val nll 0.988  val r_mse 0.824  on-road acc 0.993 (branches 0.985, off-road recall 0.97)  about 7.3 min left
23:06:58     step 2000/5000  nll 0.972  val nll 0.992  val r_mse 0.830  on-road acc 0.993 (branches 0.988, off-road recall 0.98)  about 6.3 min left
23:07:58     step 2500/5000  nll 0.992  val nll 0.985  val r_mse 0.923  on-road acc 0.991 (branches 0.986, off-road recall 0.97)  about 5.3 min left
23:08:58     step 3000/5000  nll 0.984  val nll 0.984  val r_mse 0.804  on-road acc 0.992 (branches 0.990, off-road recall 0.98)  about 4.3 min left
23:09:58     step 3500/5000  nll 0.992  val nll 0.982  val r_mse 0.760  on-road acc 0.992 (branches 0.987, off-road recall 0.97)  about 3.2 min left
23:10:58     step 4000/5000  nll 0.964  val nll 0.985  val r_mse 0.756  on-road acc 0.992 (branches 0.985, off-road recall 0.97)  about 2.1 min left
23:11:58     step 4500/5000  nll 0.998  val nll 0.985  val r_mse 0.876  on-road acc 0.993 (branches 0.984, off-road recall 0.97)  about 1.1 min left
23:12:43   fine-tuned on 1080 branch episodes
23:12:43 r01/finetune: done in 10.7 min (about 0.00 euros so far)
23:12:43 r02/proposers: start   (about 19 min left in total, estimate)
23:12:43   training proposer 0
23:13:43     dream CMA-ES:  25%|██▌       | 25/100 [00:55<05:32,  4.44s/gen, best_real=194, dream_avg=62]
23:14:43     dream CMA-ES:  54%|█████▍    | 54/100 [01:55<01:59,  2.60s/gen, best_real=376, dream_avg=112]
23:15:43     dream CMA-ES:  80%|████████  | 80/100 [02:56<00:51,  2.56s/gen, best_real=458, dream_avg=131]
23:16:34   training proposer 1
23:17:34     dream CMA-ES:  28%|██▊       | 28/100 [00:56<03:20,  2.79s/gen, best_real=389, dream_avg=89]
23:18:34     dream CMA-ES:  55%|█████▌    | 55/100 [01:55<01:49,  2.43s/gen, best_real=654, dream_avg=132]
23:19:34     dream CMA-ES:  82%|████████▏ | 82/100 [02:55<00:35,  2.00s/gen, best_real=788, dream_avg=146]
23:20:21   training proposer 2
23:21:21     dream CMA-ES:  29%|██▉       | 29/100 [00:55<02:38,  2.24s/gen, best_real=209, dream_avg=82]
23:22:21     dream CMA-ES:  62%|██████▏   | 62/100 [01:56<00:59,  1.57s/gen, best_real=259, dream_avg=115]
23:23:21     dream CMA-ES:  93%|█████████▎| 93/100 [02:56<00:10,  1.51s/gen, best_real=375, dream_avg=127]
23:23:47 r02/proposers: done in 11.1 min (about 0.00 euros so far)
23:23:47 r02/measure: start   (about 15 min left in total, estimate)
  real rollouts: 15/150  (0.7 min elapsed, about 6.5 min left)
  real rollouts: 30/150  (1.2 min elapsed, about 4.8 min left)
  real rollouts: 45/150  (2.0 min elapsed, about 4.6 min left)
  real rollouts: 60/150  (2.4 min elapsed, about 3.7 min left)
  real rollouts: 75/150  (3.0 min elapsed, about 3.0 min left)
  real rollouts: 90/150  (3.6 min elapsed, about 2.4 min left)
  real rollouts: 105/150  (4.2 min elapsed, about 1.8 min left)
  real rollouts: 120/150  (4.7 min elapsed, about 1.2 min left)
  real rollouts: 135/150  (5.2 min elapsed, about 0.6 min left)
  real rollouts: 150/150  (5.8 min elapsed, about 0.0 min left)
  road probe: held-out AUC 0.964 on 144399 real frames (9947 off-road)
  real replays: 45/450  (0.8 min elapsed, about 7.5 min left)
  real replays: 90/450  (1.9 min elapsed, about 7.8 min left)
  real replays: 135/450  (2.9 min elapsed, about 6.8 min left)
  real replays: 180/450  (3.9 min elapsed, about 5.8 min left)
  real replays: 225/450  (4.7 min elapsed, about 4.7 min left)
  real replays: 270/450  (5.5 min elapsed, about 3.7 min left)
  real replays: 315/450  (6.4 min elapsed, about 2.7 min left)
  real replays: 360/450  (7.1 min elapsed, about 1.8 min left)
  real replays: 405/450  (7.8 min elapsed, about 0.9 min left)
  real replays: 450/450  (8.7 min elapsed, about 0.0 min left)
23:38:55   round 2: real return 599.8, exploit gap 48.6, real on-road share 0.75
23:38:55 r02/measure: done in 15.1 min (about 0.00 euros so far)
23:38:55 finished: completed; about 0.00 euros of 5.00 used
