replaying 180 episodes, 6 workers
[  1/180] episode    1 (pursuit   ) eta 37.0 min
[  2/180] episode    4 (pursuit   ) eta 18.6 min
[  3/180] episode   10 (pursuit   ) eta 12.3 min
[  4/180] episode   13 (pursuit   ) eta  9.2 min
[  5/180] episode    7 (pursuit   ) eta  7.4 min
[  6/180] episode    2 (pursuit   ) eta  6.3 min
[  7/180] episode   15 (pursuit   ) eta  9.4 min
[  8/180] episode   33 (pursuit   ) eta  8.3 min
[  9/180] episode   18 (pursuit   ) eta  7.4 min
[ 10/180] episode   38 (pursuit   ) eta  6.6 min
[ 11/180] episode   60 (pursuit   ) eta  6.0 min
[ 12/180] episode   42 (pursuit   ) eta  5.5 min
[ 13/180] episode   82 (pursuit   ) eta  7.1 min
[ 14/180] episode  127 (pursuit   ) eta  6.6 min
[ 15/180] episode   78 (pursuit   ) eta  6.2 min
[ 16/180] episode  119 (pursuit   ) eta  5.8 min
[ 17/180] episode  125 (pursuit   ) eta  5.4 min
[ 18/180] episode  136 (pursuit   ) eta  5.2 min
[ 19/180] episode  143 (pursuit   ) eta  6.2 min
[ 20/180] episode  183 (pursuit   ) eta  5.9 min
[ 21/180] episode  193 (pursuit   ) eta  5.6 min
[ 22/180] episode  202 (pursuit   ) eta  5.3 min
[ 23/180] episode  188 (pursuit   ) eta  5.1 min
[ 24/180] episode  226 (pursuit   ) eta  4.9 min
[ 25/180] episode  248 (pursuit   ) eta  5.6 min
[ 26/180] episode  228 (pursuit   ) eta  5.4 min
[ 27/180] episode  227 (pursuit   ) eta  5.2 min
[ 28/180] episode  230 (pursuit   ) eta  4.9 min
[ 29/180] episode  255 (pursuit   ) eta  4.8 min
[ 30/180] episode  257 (pursuit   ) eta  4.6 min
[ 31/180] episode  275 (pursuit   ) eta  5.1 min
[ 32/180] episode  288 (pursuit   ) eta  5.0 min
[ 33/180] episode  258 (pursuit   ) eta  4.8 min
[ 34/180] episode  281 (pursuit   ) eta  4.7 min
[ 35/180] episode  292 (pursuit   ) eta  4.5 min
[ 36/180] episode  301 (pursuit   ) eta  4.4 min
[ 37/180] episode  310 (pursuit   ) eta  4.8 min
[ 38/180] episode  325 (pursuit   ) eta  4.7 min
[ 39/180] episode  315 (pursuit   ) eta  4.5 min
[ 40/180] episode  332 (pursuit   ) eta  4.4 min
[ 41/180] episode  341 (pursuit   ) eta  4.3 min
[ 42/180] episode  342 (pursuit   ) eta  4.2 min
[ 43/180] episode  358 (pursuit   ) eta  4.5 min
[ 44/180] episode  365 (pursuit   ) eta  4.4 min
[ 45/180] episode  376 (pursuit   ) eta  4.3 min
[ 46/180] episode  375 (pursuit   ) eta  4.2 min
[ 47/180] episode  399 (pursuit   ) eta  4.1 min
[ 48/180] episode  398 (pursuit   ) eta  4.0 min
[ 49/180] episode  409 (pursuit   ) eta  4.2 min
[ 50/180] episode  412 (pursuit   ) eta  4.2 min
[ 51/180] episode  430 (pursuit   ) eta  4.1 min
[ 52/180] episode  441 (pursuit   ) eta  4.0 min
[ 53/180] episode  475 (pursuit   ) eta  3.9 min
[ 54/180] episode  474 (pursuit   ) eta  3.8 min
[ 55/180] episode  486 (pursuit   ) eta  4.0 min
[ 56/180] episode  494 (pursuit   ) eta  4.0 min
[ 57/180] episode  490 (pursuit   ) eta  3.9 min
[ 58/180] episode  492 (pursuit   ) eta  3.8 min
[ 59/180] episode  496 (pursuit   ) eta  3.7 min
[ 60/180] episode  499 (pursuit   ) eta  3.6 min
[ 61/180] episode  523 (brownian  ) eta  3.6 min
[ 62/180] episode  538 (brownian  ) eta  3.5 min
[ 63/180] episode  557 (brownian  ) eta  3.5 min
[ 64/180] episode  507 (brownian  ) eta  3.5 min
[ 65/180] episode  540 (brownian  ) eta  3.4 min
[ 66/180] episode  522 (brownian  ) eta  3.4 min
[ 67/180] episode  591 (brownian  ) eta  3.3 min
[ 68/180] episode  548 (brownian  ) eta  3.3 min
[ 69/180] episode  566 (brownian  ) eta  3.3 min
[ 70/180] episode  588 (brownian  ) eta  3.2 min
[ 71/180] episode  634 (brownian  ) eta  3.2 min
[ 72/180] episode  590 (brownian  ) eta  3.2 min
[ 73/180] episode  592 (brownian  ) eta  3.1 min
[ 74/180] episode  612 (brownian  ) eta  3.1 min
[ 75/180] episode  679 (brownian  ) eta  3.1 min
[ 76/180] episode  690 (brownian  ) eta  3.0 min
[ 77/180] episode  638 (brownian  ) eta  3.0 min
[ 78/180] episode  666 (brownian  ) eta  2.9 min
[ 79/180] episode  667 (brownian  ) eta  2.9 min
[ 80/180] episode  697 (brownian  ) eta  2.9 min
[ 81/180] episode  701 (brownian  ) eta  2.9 min
[ 82/180] episode  703 (brownian  ) eta  2.9 min
[ 83/180] episode  704 (brownian  ) eta  2.8 min
[ 84/180] episode  705 (brownian  ) eta  2.8 min
[ 85/180] episode  721 (brownian  ) eta  2.8 min
[ 86/180] episode  735 (brownian  ) eta  2.8 min
[ 87/180] episode  741 (brownian  ) eta  2.7 min
[ 88/180] episode  751 (brownian  ) eta  2.7 min
[ 89/180] episode  757 (brownian  ) eta  2.6 min
[ 90/180] episode  760 (brownian  ) eta  2.6 min
[ 91/180] episode  791 (brownian  ) eta  2.5 min
[ 92/180] episode  779 (brownian  ) eta  2.5 min
[ 93/180] episode  788 (brownian  ) eta  2.5 min
[ 94/180] episode  792 (brownian  ) eta  2.5 min
[ 95/180] episode  794 (brownian  ) eta  2.5 min
[ 96/180] episode  804 (brownian  ) eta  2.4 min
[ 97/180] episode  845 (brownian  ) eta  2.4 min
[ 98/180] episode  852 (brownian  ) eta  2.4 min
[ 99/180] episode  854 (brownian  ) eta  2.4 min
[100/180] episode  862 (brownian  ) eta  2.3 min
[101/180] episode  865 (brownian  ) eta  2.3 min
[102/180] episode  870 (brownian  ) eta  2.3 min
[103/180] episode  884 (brownian  ) eta  2.2 min
[104/180] episode  902 (brownian  ) eta  2.2 min
[105/180] episode  904 (brownian  ) eta  2.2 min
[106/180] episode  907 (brownian  ) eta  2.2 min
[107/180] episode  922 (brownian  ) eta  2.1 min
[108/180] episode  930 (brownian  ) eta  2.1 min
[109/180] episode  931 (brownian  ) eta  2.0 min
[110/180] episode  942 (brownian  ) eta  2.0 min
[111/180] episode  947 (brownian  ) eta  2.0 min
[112/180] episode  948 (brownian  ) eta  2.0 min
[113/180] episode  953 (brownian  ) eta  2.0 min
[114/180] episode  954 (brownian  ) eta  1.9 min
[115/180] episode  957 (brownian  ) eta  1.9 min
[116/180] episode  958 (brownian  ) eta  1.9 min
[117/180] episode  963 (brownian  ) eta  1.8 min
[118/180] episode  970 (brownian  ) eta  1.8 min
[119/180] episode  974 (brownian  ) eta  1.8 min
[120/180] episode  980 (brownian  ) eta  1.7 min
[121/180] episode 1009 (controller) eta  1.7 min
[122/180] episode 1016 (controller) eta  1.7 min
[123/180] episode 1017 (controller) eta  1.7 min
[124/180] episode 1022 (controller) eta  1.6 min
[125/180] episode 1031 (controller) eta  1.6 min
[126/180] episode 1044 (controller) eta  1.6 min
[127/180] episode 1045 (controller) eta  1.5 min
[128/180] episode 1049 (controller) eta  1.5 min
[129/180] episode 1056 (controller) eta  1.5 min
[130/180] episode 1074 (controller) eta  1.5 min
[131/180] episode 1078 (controller) eta  1.4 min
[132/180] episode 1080 (controller) eta  1.4 min
[133/180] episode 1085 (controller) eta  1.4 min
[134/180] episode 1089 (controller) eta  1.3 min
[135/180] episode 1091 (controller) eta  1.3 min
[136/180] episode 1096 (controller) eta  1.3 min
[137/180] episode 1104 (controller) eta  1.3 min
[138/180] episode 1107 (controller) eta  1.2 min
[139/180] episode 1118 (controller) eta  1.2 min
[140/180] episode 1141 (controller) eta  1.2 min
[141/180] episode 1154 (controller) eta  1.1 min
[142/180] episode 1148 (controller) eta  1.1 min
[143/180] episode 1159 (controller) eta  1.1 min
[144/180] episode 1166 (controller) eta  1.0 min
[145/180] episode 1168 (controller) eta  1.0 min
[146/180] episode 1184 (controller) eta  1.0 min
[147/180] episode 1196 (controller) eta  1.0 min
[148/180] episode 1202 (controller) eta  0.9 min
[149/180] episode 1207 (controller) eta  0.9 min
[150/180] episode 1212 (controller) eta  0.9 min
[151/180] episode 1213 (controller) eta  0.8 min
[152/180] episode 1223 (controller) eta  0.8 min
[153/180] episode 1229 (controller) eta  0.8 min
[154/180] episode 1235 (controller) eta  0.8 min
[155/180] episode 1236 (controller) eta  0.7 min
[156/180] episode 1242 (controller) eta  0.7 min
[157/180] episode 1267 (controller) eta  0.7 min
[158/180] episode 1269 (controller) eta  0.6 min
[159/180] episode 1280 (controller) eta  0.6 min
[160/180] episode 1281 (controller) eta  0.6 min
[161/180] episode 1291 (controller) eta  0.6 min
[162/180] episode 1297 (controller) eta  0.5 min
[163/180] episode 1303 (controller) eta  0.5 min
[164/180] episode 1307 (controller) eta  0.5 min
[165/180] episode 1311 (controller) eta  0.4 min
[166/180] episode 1313 (controller) eta  0.4 min
[167/180] episode 1315 (controller) eta  0.4 min
[168/180] episode 1316 (controller) eta  0.4 min
[169/180] episode 1320 (controller) eta  0.3 min
[170/180] episode 1327 (controller) eta  0.3 min
[171/180] episode 1329 (controller) eta  0.3 min
[172/180] episode 1336 (controller) eta  0.2 min
[173/180] episode 1358 (controller) eta  0.2 min
[174/180] episode 1356 (controller) eta  0.2 min
[175/180] episode 1363 (controller) eta  0.1 min
[176/180] episode 1364 (controller) eta  0.1 min
[177/180] episode 1367 (controller) eta  0.1 min
[178/180] episode 1368 (controller) eta  0.1 min
[179/180] episode 1371 (controller) eta  0.0 min
[180/180] episode 1372 (controller) eta  0.0 min
replays matching recorded rewards: 180/180
wrote /Users/jordanbonil/Documents/source/lucid-dream-racer/data/dream_failure/coverage_replays.npz
exit: 0
