stage A (dream): track   1  (0.0 min)
stage A (dream): track   2  (0.0 min)
stage A (dream): track   3  (0.1 min)
stage A (dream): track   4  (0.1 min)
stage A (dream): track   5  (0.1 min)
stage A (dream): track   6  (0.1 min)
stage A (dream): track   7  (0.2 min)
stage A (dream): track   8  (0.2 min)
stage A (dream): track   9  (0.2 min)
stage A (dream): track  10  (0.2 min)
stage A (dream): track  11  (0.3 min)
stage A (dream): track  12  (0.3 min)
stage A (dream): track  13  (0.3 min)
stage A (dream): track  14  (0.3 min)
stage A (dream): track  15  (0.4 min)
stage A (dream): track  16  (0.4 min)
stage A (dream): track  17  (0.4 min)
stage A (dream): track  18  (0.4 min)
stage A (dream): track  19  (0.5 min)
stage A (dream): track  20  (0.5 min)
stage A (dream): track  21  (0.5 min)
stage A (dream): track  22  (0.5 min)
stage A (dream): track  23  (0.6 min)
stage A (dream): track  24  (0.6 min)
stage A (dream): track  25  (0.6 min)
stage A (dream): track  26  (0.6 min)
stage A (dream): track  27  (0.7 min)
stage A (dream): track  28  (0.7 min)
stage A (dream): track  29  (0.7 min)
stage A (dream): track  30  (0.7 min)
stage A (dream): track  31  (0.8 min)
stage A (dream): track  32  (0.8 min)
stage A (dream): track  33  (0.8 min)
stage A (dream): track  34  (0.8 min)
stage A (dream): track  35  (0.9 min)
stage A (dream): track  36  (0.9 min)
stage A (dream): track  37  (0.9 min)
stage A (dream): track  38  (0.9 min)
stage A (dream): track  39  (0.9 min)
stage A (dream): track  40  (1.0 min)
stage A (dream): track  41  (1.0 min)
stage A (dream): track  42  (1.0 min)
stage A (dream): track  43  (1.0 min)
stage A (dream): track  44  (1.1 min)
stage A (dream): track  45  (1.1 min)
stage A (dream): track  46  (1.1 min)
stage A (dream): track  47  (1.1 min)
stage A (dream): track  48  (1.2 min)
stage A (dream): track  49  (1.2 min)
stage A (dream): track  50  (1.2 min)
stage A (dream): track  51  (1.2 min)
stage A (dream): track  52  (1.3 min)
stage A (dream): track  53  (1.3 min)
stage A (dream): track  54  (1.3 min)
stage A (dream): track  55  (1.3 min)
stage A (dream): track  56  (1.4 min)
stage A (dream): track  57  (1.4 min)
stage A (dream): track  58  (1.4 min)
stage A (dream): track  59  (1.4 min)
stage A (dream): track  60  (1.5 min)
stage A (dream): track  61  (1.5 min)
stage A (dream): track  62  (1.5 min)
stage A (dream): track  63  (1.5 min)
stage A (dream): track  64  (1.6 min)
stage A (dream): track  65  (1.6 min)
stage A (dream): track  66  (1.6 min)
stage A (dream): track  67  (1.6 min)
stage A (dream): track  68  (1.7 min)
stage A (dream): track  69  (1.7 min)
stage A (dream): track  70  (1.7 min)
stage A (dream): track  71  (1.7 min)
stage A (dream): track  72  (1.8 min)
stage A (dream): track  73  (1.8 min)
stage A (dream): track  74  (1.8 min)
stage A (dream): track  75  (1.8 min)
stage A (dream): track  76  (1.9 min)
stage A (dream): track  77  (1.9 min)
stage A (dream): track  78  (1.9 min)
stage A (dream): track  79  (1.9 min)
stage A (dream): track  80  (2.0 min)
stage A (dream): track  81  (2.0 min)
stage A (dream): track  82  (2.0 min)
stage A (dream): track  83  (2.0 min)
stage A (dream): track  84  (2.1 min)
stage A (dream): track  85  (2.1 min)
stage A (dream): track  86  (2.1 min)
stage A (dream): track  87  (2.1 min)
stage A (dream): track  88  (2.1 min)
stage A (dream): track  89  (2.2 min)
stage A (dream): track  90  (2.2 min)
stage A (dream): track  91  (2.2 min)
stage A (dream): track  92  (2.2 min)
stage A (dream): track  93  (2.3 min)
stage A (dream): track  94  (2.3 min)
stage A (dream): track  95  (2.3 min)
stage A (dream): track  96  (2.3 min)
stage A (dream): track  97  (2.4 min)
stage A (dream): track  98  (2.4 min)
stage A (dream): track  99  (2.4 min)
stage A (dream): track 100  (2.4 min)
stage B (simulator):   1/400   eta 37.0 min
stage B (simulator):   2/400   eta 18.5 min
stage B (simulator):   3/400   eta 12.4 min
stage B (simulator):   4/400   eta  9.3 min
stage B (simulator):   5/400   eta 11.3 min
stage B (simulator):   6/400   eta  9.4 min
stage B (simulator):   7/400   eta  8.0 min
stage B (simulator):   8/400   eta  7.0 min
stage B (simulator):   9/400   eta  8.0 min
stage B (simulator):  10/400   eta  7.2 min
stage B (simulator):  11/400   eta  6.5 min
stage B (simulator):  12/400   eta  6.0 min
stage B (simulator):  13/400   eta  6.9 min
stage B (simulator):  14/400   eta  6.4 min
stage B (simulator):  15/400   eta  6.0 min
stage B (simulator):  16/400   eta  5.6 min
stage B (simulator):  17/400   eta  6.0 min
stage B (simulator):  18/400   eta  5.7 min
stage B (simulator):  19/400   eta  5.4 min
stage B (simulator):  20/400   eta  5.2 min
stage B (simulator):  21/400   eta  5.7 min
stage B (simulator):  22/400   eta  5.5 min
stage B (simulator):  23/400   eta  5.3 min
stage B (simulator):  24/400   eta  5.1 min
stage B (simulator):  25/400   eta  5.4 min
stage B (simulator):  26/400   eta  5.2 min
stage B (simulator):  27/400   eta  5.0 min
stage B (simulator):  28/400   eta  4.9 min
stage B (simulator):  29/400   eta  5.3 min
stage B (simulator):  30/400   eta  5.1 min
stage B (simulator):  31/400   eta  5.0 min
stage B (simulator):  32/400   eta  4.8 min
stage B (simulator):  33/400   eta  5.0 min
stage B (simulator):  34/400   eta  4.9 min
stage B (simulator):  35/400   eta  4.8 min
stage B (simulator):  36/400   eta  4.6 min
stage B (simulator):  37/400   eta  4.9 min
stage B (simulator):  38/400   eta  4.8 min
stage B (simulator):  39/400   eta  4.7 min
stage B (simulator):  40/400   eta  4.6 min
stage B (simulator):  41/400   eta  4.8 min
stage B (simulator):  42/400   eta  4.7 min
stage B (simulator):  43/400   eta  4.6 min
stage B (simulator):  44/400   eta  4.5 min
stage B (simulator):  45/400   eta  4.6 min
stage B (simulator):  46/400   eta  4.6 min
stage B (simulator):  47/400   eta  4.5 min
stage B (simulator):  48/400   eta  4.4 min
stage B (simulator):  49/400   eta  4.5 min
stage B (simulator):  50/400   eta  4.4 min
stage B (simulator):  51/400   eta  4.3 min
stage B (simulator):  52/400   eta  4.2 min
stage B (simulator):  53/400   eta  4.3 min
stage B (simulator):  54/400   eta  4.2 min
stage B (simulator):  55/400   eta  4.1 min
stage B (simulator):  56/400   eta  4.1 min
stage B (simulator):  57/400   eta  4.2 min
stage B (simulator):  58/400   eta  4.2 min
stage B (simulator):  59/400   eta  4.1 min
stage B (simulator):  60/400   eta  4.0 min
stage B (simulator):  61/400   eta  4.1 min
stage B (simulator):  62/400   eta  4.1 min
stage B (simulator):  63/400   eta  4.0 min
stage B (simulator):  64/400   eta  4.0 min
stage B (simulator):  65/400   eta  4.0 min
stage B (simulator):  66/400   eta  4.0 min
stage B (simulator):  67/400   eta  3.9 min
stage B (simulator):  68/400   eta  3.9 min
stage B (simulator):  69/400   eta  3.9 min
stage B (simulator):  70/400   eta  3.9 min
stage B (simulator):  71/400   eta  3.8 min
stage B (simulator):  72/400   eta  3.8 min
stage B (simulator):  73/400   eta  3.9 min
stage B (simulator):  74/400   eta  3.8 min
stage B (simulator):  75/400   eta  3.8 min
stage B (simulator):  76/400   eta  3.7 min
stage B (simulator):  77/400   eta  3.8 min
stage B (simulator):  78/400   eta  3.8 min
stage B (simulator):  79/400   eta  3.7 min
stage B (simulator):  80/400   eta  3.7 min
stage B (simulator):  81/400   eta  3.7 min
stage B (simulator):  82/400   eta  3.7 min
stage B (simulator):  83/400   eta  3.7 min
stage B (simulator):  84/400   eta  3.6 min
stage B (simulator):  85/400   eta  3.7 min
stage B (simulator):  86/400   eta  3.6 min
stage B (simulator):  87/400   eta  3.6 min
stage B (simulator):  88/400   eta  3.5 min
stage B (simulator):  89/400   eta  3.6 min
stage B (simulator):  90/400   eta  3.5 min
stage B (simulator):  91/400   eta  3.5 min
stage B (simulator):  92/400   eta  3.4 min
stage B (simulator):  93/400   eta  3.5 min
stage B (simulator):  94/400   eta  3.4 min
stage B (simulator):  95/400   eta  3.4 min
stage B (simulator):  96/400   eta  3.4 min
stage B (simulator):  97/400   eta  3.4 min
stage B (simulator):  98/400   eta  3.4 min
stage B (simulator):  99/400   eta  3.3 min
stage B (simulator): 100/400   eta  3.3 min
stage B (simulator): 101/400   eta  3.3 min
stage B (simulator): 102/400   eta  3.3 min
stage B (simulator): 103/400   eta  3.3 min
stage B (simulator): 104/400   eta  3.2 min
stage B (simulator): 105/400   eta  3.3 min
stage B (simulator): 106/400   eta  3.3 min
stage B (simulator): 107/400   eta  3.3 min
stage B (simulator): 108/400   eta  3.2 min
stage B (simulator): 109/400   eta  3.3 min
stage B (simulator): 110/400   eta  3.2 min
stage B (simulator): 111/400   eta  3.2 min
stage B (simulator): 112/400   eta  3.2 min
stage B (simulator): 113/400   eta  3.2 min
stage B (simulator): 114/400   eta  3.2 min
stage B (simulator): 115/400   eta  3.2 min
stage B (simulator): 116/400   eta  3.1 min
stage B (simulator): 117/400   eta  3.1 min
stage B (simulator): 118/400   eta  3.1 min
stage B (simulator): 119/400   eta  3.1 min
stage B (simulator): 120/400   eta  3.1 min
stage B (simulator): 121/400   eta  3.1 min
stage B (simulator): 122/400   eta  3.0 min
stage B (simulator): 123/400   eta  3.0 min
stage B (simulator): 124/400   eta  3.0 min
stage B (simulator): 125/400   eta  3.0 min
stage B (simulator): 126/400   eta  3.0 min
stage B (simulator): 127/400   eta  3.0 min
stage B (simulator): 128/400   eta  2.9 min
stage B (simulator): 129/400   eta  3.0 min
stage B (simulator): 130/400   eta  2.9 min
stage B (simulator): 131/400   eta  2.9 min
stage B (simulator): 132/400   eta  2.9 min
stage B (simulator): 133/400   eta  2.9 min
stage B (simulator): 134/400   eta  2.9 min
stage B (simulator): 135/400   eta  2.9 min
stage B (simulator): 136/400   eta  2.9 min
stage B (simulator): 137/400   eta  2.9 min
stage B (simulator): 138/400   eta  2.9 min
stage B (simulator): 139/400   eta  2.9 min
stage B (simulator): 140/400   eta  2.8 min
stage B (simulator): 141/400   eta  2.8 min
stage B (simulator): 142/400   eta  2.8 min
stage B (simulator): 143/400   eta  2.8 min
stage B (simulator): 144/400   eta  2.8 min
stage B (simulator): 145/400   eta  2.8 min
stage B (simulator): 146/400   eta  2.8 min
stage B (simulator): 147/400   eta  2.8 min
stage B (simulator): 148/400   eta  2.7 min
stage B (simulator): 149/400   eta  2.7 min
stage B (simulator): 150/400   eta  2.7 min
stage B (simulator): 151/400   eta  2.7 min
stage B (simulator): 152/400   eta  2.7 min
stage B (simulator): 153/400   eta  2.7 min
stage B (simulator): 154/400   eta  2.7 min
stage B (simulator): 155/400   eta  2.7 min
stage B (simulator): 156/400   eta  2.6 min
stage B (simulator): 157/400   eta  2.6 min
stage B (simulator): 158/400   eta  2.6 min
stage B (simulator): 159/400   eta  2.6 min
stage B (simulator): 160/400   eta  2.6 min
stage B (simulator): 161/400   eta  2.6 min
stage B (simulator): 162/400   eta  2.6 min
stage B (simulator): 163/400   eta  2.6 min
stage B (simulator): 164/400   eta  2.5 min
stage B (simulator): 165/400   eta  2.5 min
stage B (simulator): 166/400   eta  2.5 min
stage B (simulator): 167/400   eta  2.5 min
stage B (simulator): 168/400   eta  2.5 min
stage B (simulator): 169/400   eta  2.5 min
stage B (simulator): 170/400   eta  2.4 min
stage B (simulator): 171/400   eta  2.4 min
stage B (simulator): 172/400   eta  2.4 min
stage B (simulator): 173/400   eta  2.4 min
stage B (simulator): 174/400   eta  2.4 min
stage B (simulator): 175/400   eta  2.4 min
stage B (simulator): 176/400   eta  2.4 min
stage B (simulator): 177/400   eta  2.4 min
stage B (simulator): 178/400   eta  2.4 min
stage B (simulator): 179/400   eta  2.4 min
stage B (simulator): 180/400   eta  2.3 min
stage B (simulator): 181/400   eta  2.3 min
stage B (simulator): 182/400   eta  2.3 min
stage B (simulator): 183/400   eta  2.3 min
stage B (simulator): 184/400   eta  2.3 min
stage B (simulator): 185/400   eta  2.3 min
stage B (simulator): 186/400   eta  2.2 min
stage B (simulator): 187/400   eta  2.2 min
stage B (simulator): 188/400   eta  2.2 min
stage B (simulator): 189/400   eta  2.2 min
stage B (simulator): 190/400   eta  2.2 min
stage B (simulator): 191/400   eta  2.2 min
stage B (simulator): 192/400   eta  2.2 min
stage B (simulator): 193/400   eta  2.2 min
stage B (simulator): 194/400   eta  2.2 min
stage B (simulator): 195/400   eta  2.2 min
stage B (simulator): 196/400   eta  2.1 min
stage B (simulator): 197/400   eta  2.1 min
stage B (simulator): 198/400   eta  2.1 min
stage B (simulator): 199/400   eta  2.1 min
stage B (simulator): 200/400   eta  2.1 min
stage B (simulator): 201/400   eta  2.1 min
stage B (simulator): 202/400   eta  2.1 min
stage B (simulator): 203/400   eta  2.1 min
stage B (simulator): 204/400   eta  2.0 min
stage B (simulator): 205/400   eta  2.0 min
stage B (simulator): 206/400   eta  2.0 min
stage B (simulator): 207/400   eta  2.0 min
stage B (simulator): 208/400   eta  2.0 min
stage B (simulator): 209/400   eta  2.0 min
stage B (simulator): 210/400   eta  2.0 min
stage B (simulator): 211/400   eta  2.0 min
stage B (simulator): 212/400   eta  1.9 min
stage B (simulator): 213/400   eta  1.9 min
stage B (simulator): 214/400   eta  1.9 min
stage B (simulator): 215/400   eta  1.9 min
stage B (simulator): 216/400   eta  1.9 min
stage B (simulator): 217/400   eta  1.9 min
stage B (simulator): 218/400   eta  1.9 min
stage B (simulator): 219/400   eta  1.9 min
stage B (simulator): 220/400   eta  1.8 min
stage B (simulator): 221/400   eta  1.8 min
stage B (simulator): 222/400   eta  1.8 min
stage B (simulator): 223/400   eta  1.8 min
stage B (simulator): 224/400   eta  1.8 min
stage B (simulator): 225/400   eta  1.8 min
stage B (simulator): 226/400   eta  1.8 min
stage B (simulator): 227/400   eta  1.8 min
stage B (simulator): 228/400   eta  1.7 min
stage B (simulator): 229/400   eta  1.7 min
stage B (simulator): 230/400   eta  1.7 min
stage B (simulator): 231/400   eta  1.7 min
stage B (simulator): 232/400   eta  1.7 min
stage B (simulator): 233/400   eta  1.7 min
stage B (simulator): 234/400   eta  1.7 min
stage B (simulator): 235/400   eta  1.7 min
stage B (simulator): 236/400   eta  1.7 min
stage B (simulator): 237/400   eta  1.6 min
stage B (simulator): 238/400   eta  1.6 min
stage B (simulator): 239/400   eta  1.6 min
stage B (simulator): 240/400   eta  1.6 min
stage B (simulator): 241/400   eta  1.6 min
stage B (simulator): 242/400   eta  1.6 min
stage B (simulator): 243/400   eta  1.6 min
stage B (simulator): 244/400   eta  1.6 min
stage B (simulator): 245/400   eta  1.6 min
stage B (simulator): 246/400   eta  1.5 min
stage B (simulator): 247/400   eta  1.5 min
stage B (simulator): 248/400   eta  1.5 min
stage B (simulator): 249/400   eta  1.5 min
stage B (simulator): 250/400   eta  1.5 min
stage B (simulator): 251/400   eta  1.5 min
stage B (simulator): 252/400   eta  1.5 min
stage B (simulator): 253/400   eta  1.5 min
stage B (simulator): 254/400   eta  1.5 min
stage B (simulator): 255/400   eta  1.5 min
stage B (simulator): 256/400   eta  1.4 min
stage B (simulator): 257/400   eta  1.4 min
stage B (simulator): 258/400   eta  1.4 min
stage B (simulator): 259/400   eta  1.4 min
stage B (simulator): 260/400   eta  1.4 min
stage B (simulator): 261/400   eta  1.4 min
stage B (simulator): 262/400   eta  1.4 min
stage B (simulator): 263/400   eta  1.4 min
stage B (simulator): 264/400   eta  1.4 min
stage B (simulator): 265/400   eta  1.3 min
stage B (simulator): 266/400   eta  1.3 min
stage B (simulator): 267/400   eta  1.3 min
stage B (simulator): 268/400   eta  1.3 min
stage B (simulator): 269/400   eta  1.3 min
stage B (simulator): 270/400   eta  1.3 min
stage B (simulator): 271/400   eta  1.3 min
stage B (simulator): 272/400   eta  1.3 min
stage B (simulator): 273/400   eta  1.3 min
stage B (simulator): 274/400   eta  1.2 min
stage B (simulator): 275/400   eta  1.2 min
stage B (simulator): 276/400   eta  1.2 min
stage B (simulator): 277/400   eta  1.2 min
stage B (simulator): 278/400   eta  1.2 min
stage B (simulator): 279/400   eta  1.2 min
stage B (simulator): 280/400   eta  1.2 min
stage B (simulator): 281/400   eta  1.2 min
stage B (simulator): 282/400   eta  1.2 min
stage B (simulator): 283/400   eta  1.2 min
stage B (simulator): 284/400   eta  1.1 min
stage B (simulator): 285/400   eta  1.1 min
stage B (simulator): 286/400   eta  1.1 min
stage B (simulator): 287/400   eta  1.1 min
stage B (simulator): 288/400   eta  1.1 min
stage B (simulator): 289/400   eta  1.1 min
stage B (simulator): 290/400   eta  1.1 min
stage B (simulator): 291/400   eta  1.1 min
stage B (simulator): 292/400   eta  1.1 min
stage B (simulator): 293/400   eta  1.0 min
stage B (simulator): 294/400   eta  1.0 min
stage B (simulator): 295/400   eta  1.0 min
stage B (simulator): 296/400   eta  1.0 min
stage B (simulator): 297/400   eta  1.0 min
stage B (simulator): 298/400   eta  1.0 min
stage B (simulator): 299/400   eta  1.0 min
stage B (simulator): 300/400   eta  1.0 min
stage B (simulator): 301/400   eta  1.0 min
stage B (simulator): 302/400   eta  0.9 min
stage B (simulator): 303/400   eta  0.9 min
stage B (simulator): 304/400   eta  0.9 min
stage B (simulator): 305/400   eta  0.9 min
stage B (simulator): 306/400   eta  0.9 min
stage B (simulator): 307/400   eta  0.9 min
stage B (simulator): 308/400   eta  0.9 min
stage B (simulator): 309/400   eta  0.9 min
stage B (simulator): 310/400   eta  0.9 min
stage B (simulator): 311/400   eta  0.9 min
stage B (simulator): 312/400   eta  0.9 min
stage B (simulator): 313/400   eta  0.8 min
stage B (simulator): 314/400   eta  0.8 min
stage B (simulator): 315/400   eta  0.8 min
stage B (simulator): 316/400   eta  0.8 min
stage B (simulator): 317/400   eta  0.8 min
stage B (simulator): 318/400   eta  0.8 min
stage B (simulator): 319/400   eta  0.8 min
stage B (simulator): 320/400   eta  0.8 min
stage B (simulator): 321/400   eta  0.8 min
stage B (simulator): 322/400   eta  0.7 min
stage B (simulator): 323/400   eta  0.7 min
stage B (simulator): 324/400   eta  0.7 min
stage B (simulator): 325/400   eta  0.7 min
stage B (simulator): 326/400   eta  0.7 min
stage B (simulator): 327/400   eta  0.7 min
stage B (simulator): 328/400   eta  0.7 min
stage B (simulator): 329/400   eta  0.7 min
stage B (simulator): 330/400   eta  0.7 min
stage B (simulator): 331/400   eta  0.7 min
stage B (simulator): 332/400   eta  0.7 min
stage B (simulator): 333/400   eta  0.6 min
stage B (simulator): 334/400   eta  0.6 min
stage B (simulator): 335/400   eta  0.6 min
stage B (simulator): 336/400   eta  0.6 min
stage B (simulator): 337/400   eta  0.6 min
stage B (simulator): 338/400   eta  0.6 min
stage B (simulator): 339/400   eta  0.6 min
stage B (simulator): 340/400   eta  0.6 min
stage B (simulator): 341/400   eta  0.6 min
stage B (simulator): 342/400   eta  0.6 min
stage B (simulator): 343/400   eta  0.5 min
stage B (simulator): 344/400   eta  0.5 min
stage B (simulator): 345/400   eta  0.5 min
stage B (simulator): 346/400   eta  0.5 min
stage B (simulator): 347/400   eta  0.5 min
stage B (simulator): 348/400   eta  0.5 min
stage B (simulator): 349/400   eta  0.5 min
stage B (simulator): 350/400   eta  0.5 min
stage B (simulator): 351/400   eta  0.5 min
stage B (simulator): 352/400   eta  0.5 min
stage B (simulator): 353/400   eta  0.4 min
stage B (simulator): 354/400   eta  0.4 min
stage B (simulator): 355/400   eta  0.4 min
stage B (simulator): 356/400   eta  0.4 min
stage B (simulator): 357/400   eta  0.4 min
stage B (simulator): 358/400   eta  0.4 min
stage B (simulator): 359/400   eta  0.4 min
stage B (simulator): 360/400   eta  0.4 min
stage B (simulator): 361/400   eta  0.4 min
stage B (simulator): 362/400   eta  0.4 min
stage B (simulator): 363/400   eta  0.4 min
stage B (simulator): 364/400   eta  0.3 min
stage B (simulator): 365/400   eta  0.3 min
stage B (simulator): 366/400   eta  0.3 min
stage B (simulator): 367/400   eta  0.3 min
stage B (simulator): 368/400   eta  0.3 min
stage B (simulator): 369/400   eta  0.3 min
stage B (simulator): 370/400   eta  0.3 min
stage B (simulator): 371/400   eta  0.3 min
stage B (simulator): 372/400   eta  0.3 min
stage B (simulator): 373/400   eta  0.3 min
stage B (simulator): 374/400   eta  0.2 min
stage B (simulator): 375/400   eta  0.2 min
stage B (simulator): 376/400   eta  0.2 min
stage B (simulator): 377/400   eta  0.2 min
stage B (simulator): 378/400   eta  0.2 min
stage B (simulator): 379/400   eta  0.2 min
stage B (simulator): 380/400   eta  0.2 min
stage B (simulator): 381/400   eta  0.2 min
stage B (simulator): 382/400   eta  0.2 min
stage B (simulator): 383/400   eta  0.2 min
stage B (simulator): 384/400   eta  0.2 min
stage B (simulator): 385/400   eta  0.1 min
stage B (simulator): 386/400   eta  0.1 min
stage B (simulator): 387/400   eta  0.1 min
stage B (simulator): 388/400   eta  0.1 min
stage B (simulator): 389/400   eta  0.1 min
stage B (simulator): 390/400   eta  0.1 min
stage B (simulator): 391/400   eta  0.1 min
stage B (simulator): 392/400   eta  0.1 min
stage B (simulator): 393/400   eta  0.1 min
stage B (simulator): 394/400   eta  0.1 min
stage B (simulator): 395/400   eta  0.0 min
stage B (simulator): 396/400   eta  0.0 min
stage B (simulator): 397/400   eta  0.0 min
stage B (simulator): 398/400   eta  0.0 min
stage B (simulator): 399/400   eta  0.0 min
stage B (simulator): 400/400   eta  0.0 min

=== summary ===
{
 "tracks": 100,
 "tracks_in_primary": 100,
 "replays_not_matching_log": 0,
 "primary_dream_minus_real_latent": {
  "median": 0.8195251226425171,
  "ci95": [
   0.7993346452713013,
   0.833644449710846
  ],
  "share_positive": 1.0,
  "wilcoxon_p": 3.89655984509591e-18
 },
 "projected_dream_minus_real_latent": {
  "median": 0.8371582329273224,
  "ci95": [
   0.8222192525863647,
   0.863947868347168
  ],
  "share_positive": 1.0,
  "wilcoxon_p": 3.89655984509591e-18
 },
 "window_share_on_road": {
  "real_under_dream_actions": 0.34629999999999994,
  "dream_mean_p_on_road": 0.8918917316198349
 },
 "last20_share_on_road": {
  "real_under_dream_actions": 0.10875,
  "dream_mean_p_on_road": 0.8952984714508057
 }
}
wrote /Users/jordanbonil/Documents/source/lucid-dream-racer/reports/dream_failure_analysis/dream_actions_in_sim.json
exit: 0
