collecting 100 rollouts, 6 workers
[  1/100] seed 1000003  steps 1000  return   135.3  off-road  80%  eta 25.4 min
[  2/100] seed 1000004  steps 1000  return   394.5  off-road  64%  eta 12.6 min
[  3/100] seed 1000000  steps 1000  return   185.7  off-road  43%  eta  8.7 min
[  4/100] seed 1000005  steps 1000  return   337.5  off-road  61%  eta  6.5 min
[  5/100] seed 1000002  steps 1000  return   617.0  off-road  34%  eta  5.2 min
[  6/100] seed 1000001  steps 1000  return   335.5  off-road  44%  eta  4.3 min
[  7/100] seed 1000006  steps  485  return   103.2  off-road  28%  eta  4.9 min
[  8/100] seed 1000007  steps 1000  return   687.1  off-road  41%  eta  5.5 min
[  9/100] seed 1000008  steps 1000  return   148.3  off-road  80%  eta  4.9 min
[ 10/100] seed 1000010  steps 1000  return   222.7  off-road  76%  eta  4.4 min
[ 11/100] seed 1000009  steps 1000  return   335.8  off-road  38%  eta  4.0 min
[ 12/100] seed 1000011  steps 1000  return   698.6  off-road  31%  eta  3.7 min
[ 13/100] seed 1000012  steps 1000  return   576.2  off-road  40%  eta  4.0 min
[ 14/100] seed 1000013  steps 1000  return   369.2  off-road  62%  eta  4.3 min
[ 15/100] seed 1000014  steps 1000  return   189.4  off-road  79%  eta  4.0 min
[ 16/100] seed 1000016  steps 1000  return   371.4  off-road  46%  eta  3.8 min
[ 17/100] seed 1000015  steps 1000  return   162.5  off-road  55%  eta  3.5 min
[ 18/100] seed 1000017  steps 1000  return   163.7  off-road  54%  eta  3.3 min
[ 19/100] seed 1000018  steps 1000  return   440.2  off-road  65%  eta  3.5 min
[ 20/100] seed 1000020  steps  487  return   117.1  off-road  31%  eta  3.3 min
[ 21/100] seed 1000019  steps 1000  return   155.1  off-road  80%  eta  3.5 min
[ 22/100] seed 1000021  steps 1000  return   256.9  off-road  65%  eta  3.4 min
[ 23/100] seed 1000022  steps 1000  return    -6.3  off-road  88%  eta  3.2 min
[ 24/100] seed 1000023  steps 1000  return   270.8  off-road  44%  eta  3.1 min
[ 25/100] seed 1000024  steps 1000  return    -2.2  off-road  90%  eta  3.1 min
[ 26/100] seed 1000025  steps 1000  return   176.5  off-road  80%  eta  3.0 min
[ 27/100] seed 1000026  steps 1000  return   211.3  off-road  58%  eta  3.1 min
[ 28/100] seed 1000027  steps 1000  return   158.9  off-road  80%  eta  3.0 min
[ 29/100] seed 1000028  steps 1000  return   207.1  off-road  38%  eta  2.9 min
[ 30/100] seed 1000029  steps 1000  return    97.2  off-road  74%  eta  2.8 min
[ 31/100] seed 1000030  steps 1000  return   319.6  off-road  51%  eta  2.8 min
[ 32/100] seed 1000031  steps 1000  return   319.5  off-road  35%  eta  2.7 min
[ 33/100] seed 1000034  steps  538  return   180.8  off-road  28%  eta  2.6 min
[ 34/100] seed 1000032  steps 1000  return   288.5  off-road  38%  eta  2.7 min
[ 35/100] seed 1000033  steps 1000  return   146.6  off-road  80%  eta  2.6 min
[ 36/100] seed 1000035  steps 1000  return    91.9  off-road  82%  eta  2.5 min
[ 37/100] seed 1000036  steps 1000  return   180.0  off-road  77%  eta  2.5 min
[ 38/100] seed 1000037  steps 1000  return    61.2  off-road  85%  eta  2.4 min
[ 39/100] seed 1000038  steps 1000  return    95.9  off-road  74%  eta  2.4 min
[ 40/100] seed 1000039  steps 1000  return   331.0  off-road  64%  eta  2.4 min
[ 41/100] seed 1000040  steps 1000  return   192.3  off-road  79%  eta  2.3 min
[ 42/100] seed 1000041  steps  830  return   265.5  off-road  39%  eta  2.2 min
[ 43/100] seed 1000042  steps 1000  return     5.6  off-road  89%  eta  2.3 min
[ 44/100] seed 1000043  steps 1000  return   209.2  off-road  54%  eta  2.2 min
[ 45/100] seed 1000044  steps 1000  return   767.1  off-road  25%  eta  2.2 min
[ 46/100] seed 1000045  steps 1000  return   132.1  off-road  70%  eta  2.1 min
[ 47/100] seed 1000047  steps 1000  return   113.5  off-road  82%  eta  2.1 min
[ 48/100] seed 1000046  steps 1000  return   505.5  off-road  55%  eta  2.0 min
[ 49/100] seed 1000048  steps 1000  return   123.0  off-road  81%  eta  2.0 min
[ 50/100] seed 1000049  steps 1000  return   327.4  off-road  38%  eta  2.0 min
[ 51/100] seed 1000050  steps 1000  return   149.2  off-road  80%  eta  1.9 min
[ 52/100] seed 1000051  steps 1000  return    70.3  off-road  85%  eta  1.9 min
[ 53/100] seed 1000052  steps 1000  return     1.3  off-road  88%  eta  1.8 min
[ 54/100] seed 1000053  steps 1000  return   614.3  off-road  36%  eta  1.8 min
[ 55/100] seed 1000054  steps 1000  return   454.2  off-road  38%  eta  1.8 min
[ 56/100] seed 1000055  steps 1000  return   118.2  off-road  74%  eta  1.7 min
[ 57/100] seed 1000056  steps 1000  return    10.1  off-road  87%  eta  1.7 min
[ 58/100] seed 1000057  steps 1000  return   327.2  off-road  46%  eta  1.7 min
[ 59/100] seed 1000059  steps 1000  return   178.0  off-road  65%  eta  1.6 min
[ 60/100] seed 1000058  steps 1000  return   186.7  off-road   3%  eta  1.5 min
[ 61/100] seed 1000060  steps 1000  return   122.6  off-road  82%  eta  1.5 min
[ 62/100] seed 1000061  steps 1000  return   207.2  off-road  76%  eta  1.5 min
[ 63/100] seed 1000062  steps 1000  return   388.5  off-road  57%  eta  1.5 min
[ 64/100] seed 1000063  steps 1000  return   474.9  off-road  34%  eta  1.4 min
[ 65/100] seed 1000064  steps 1000  return   334.6  off-road  45%  eta  1.4 min
[ 66/100] seed 1000065  steps 1000  return   433.8  off-road  41%  eta  1.3 min
[ 67/100] seed 1000066  steps 1000  return    75.7  off-road  83%  eta  1.3 min
[ 68/100] seed 1000067  steps 1000  return    25.0  off-road  87%  eta  1.3 min
[ 69/100] seed 1000068  steps 1000  return    71.5  off-road  84%  eta  1.2 min
[ 70/100] seed 1000069  steps 1000  return   181.9  off-road  78%  eta  1.2 min
[ 71/100] seed 1000070  steps 1000  return   694.7  off-road  42%  eta  1.1 min
[ 72/100] seed 1000071  steps 1000  return   499.3  off-road  48%  eta  1.1 min
[ 73/100] seed 1000072  steps 1000  return   195.1  off-road  65%  eta  1.1 min
[ 74/100] seed 1000073  steps 1000  return   185.2  off-road  55%  eta  1.0 min
[ 75/100] seed 1000074  steps 1000  return   228.7  off-road  73%  eta  1.0 min
[ 76/100] seed 1000075  steps 1000  return   130.5  off-road  81%  eta  1.0 min
[ 77/100] seed 1000076  steps 1000  return    92.0  off-road  83%  eta  0.9 min
[ 78/100] seed 1000077  steps 1000  return   160.2  off-road  78%  eta  0.9 min
[ 79/100] seed 1000078  steps 1000  return   255.4  off-road  42%  eta  0.8 min
[ 80/100] seed 1000079  steps 1000  return   524.6  off-road  49%  eta  0.8 min
[ 81/100] seed 1000080  steps 1000  return   136.8  off-road  80%  eta  0.8 min
[ 82/100] seed 1000082  steps 1000  return   124.8  off-road  81%  eta  0.7 min
[ 83/100] seed 1000081  steps 1000  return   761.7  off-road  31%  eta  0.7 min
[ 84/100] seed 1000083  steps 1000  return   170.7  off-road  41%  eta  0.6 min
[ 85/100] seed 1000084  steps 1000  return   126.5  off-road  60%  eta  0.6 min
[ 86/100] seed 1000085  steps 1000  return   120.6  off-road  71%  eta  0.6 min
[ 87/100] seed 1000086  steps 1000  return   208.5  off-road  73%  eta  0.5 min
[ 88/100] seed 1000087  steps 1000  return   183.6  off-road  80%  eta  0.5 min
[ 89/100] seed 1000088  steps 1000  return    83.6  off-road  66%  eta  0.4 min
[ 90/100] seed 1000089  steps 1000  return   128.7  off-road  69%  eta  0.4 min
[ 91/100] seed 1000090  steps 1000  return   278.7  off-road  64%  eta  0.4 min
[ 92/100] seed 1000091  steps 1000  return   351.6  off-road  36%  eta  0.3 min
[ 93/100] seed 1000092  steps 1000  return   276.7  off-road  52%  eta  0.3 min
[ 94/100] seed 1000093  steps 1000  return    41.5  off-road  85%  eta  0.2 min
[ 95/100] seed 1000094  steps 1000  return    63.5  off-road  83%  eta  0.2 min
[ 96/100] seed 1000095  steps 1000  return    76.8  off-road  82%  eta  0.2 min
[ 97/100] seed 1000096  steps 1000  return   523.3  off-road  29%  eta  0.1 min
[ 98/100] seed 1000097  steps 1000  return   745.6  off-road  45%  eta  0.1 min
[ 99/100] seed 1000098  steps 1000  return   353.6  off-road  52%  eta  0.0 min
[100/100] seed 1000099  steps 1000  return   252.7  off-road  72%  eta  0.0 min
returns matching the stored evaluation: 100/100
wrote /Users/jordanbonil/Documents/source/lucid-dream-racer/data/dream_failure/rollouts_dream_v3.npz
exit: 0
