[  1] seed 1000000  real off-road steps  48  P(on road) there: real 0.19  dream replaying real actions 0.19  dream steered by controller 0.96  (0.1 min)
[  2] seed 1000001  real off-road steps  54  P(on road) there: real 0.16  dream replaying real actions 0.11  dream steered by controller 0.89  (0.3 min)
[  3] seed 1000002  real off-road steps  71  P(on road) there: real 0.06  dream replaying real actions 0.11  dream steered by controller 0.92  (0.4 min)
[  4] seed 1000003  real off-road steps  71  P(on road) there: real 0.04  dream replaying real actions 0.16  dream steered by controller 0.88  (0.5 min)
[  5] seed 1000004  real off-road steps  71  P(on road) there: real 0.04  dream replaying real actions 0.09  dream steered by controller 0.87  (0.7 min)
[  6] seed 1000005  real off-road steps  56  P(on road) there: real 0.37  dream replaying real actions 0.30  dream steered by controller 0.79  (0.8 min)
[  7] seed 1000006  real off-road steps  71  P(on road) there: real 0.10  dream replaying real actions 0.61  dream steered by controller 0.94  (0.9 min)
[  8] seed 1000007  real off-road steps  71  P(on road) there: real 0.12  dream replaying real actions 0.08  dream steered by controller 0.92  (1.1 min)
[  9] seed 1000008  real off-road steps  71  P(on road) there: real 0.01  dream replaying real actions 0.23  dream steered by controller 0.94  (1.2 min)
[ 10] seed 1000009  real off-road steps  57  P(on road) there: real 0.14  dream replaying real actions 0.42  dream steered by controller 0.90  (1.3 min)
[ 11] seed 1000010  real off-road steps  71  P(on road) there: real 0.01  dream replaying real actions 0.27  dream steered by controller 0.94  (1.5 min)
[ 12] seed 1000011  real off-road steps  71  P(on road) there: real 0.11  dream replaying real actions 0.56  dream steered by controller 0.94  (1.6 min)
[ 13] seed 1000012  real off-road steps  71  P(on road) there: real 0.04  dream replaying real actions 0.31  dream steered by controller 0.54  (1.7 min)
[ 14] seed 1000013  real off-road steps  71  P(on road) there: real 0.04  dream replaying real actions 0.33  dream steered by controller 0.96  (1.8 min)
[ 15] seed 1000014  real off-road steps  71  P(on road) there: real 0.03  dream replaying real actions 0.09  dream steered by controller 0.95  (2.0 min)
[ 16] seed 1000015  real off-road steps  55  P(on road) there: real 0.20  dream replaying real actions 0.57  dream steered by controller 0.95  (2.1 min)
[ 17] seed 1000016  real off-road steps  26  P(on road) there: real 0.22  dream replaying real actions 0.19  dream steered by controller 0.94  (2.3 min)
[ 18] seed 1000017  real off-road steps  61  P(on road) there: real 0.08  dream replaying real actions 0.11  dream steered by controller 0.95  (2.4 min)
[ 19] seed 1000018  real off-road steps  68  P(on road) there: real 0.12  dream replaying real actions 0.33  dream steered by controller 0.91  (2.5 min)
[ 20] seed 1000019  real off-road steps  71  P(on road) there: real 0.04  dream replaying real actions 0.15  dream steered by controller 0.93  (2.7 min)
[ 21] seed 1000020  real off-road steps  71  P(on road) there: real 0.05  dream replaying real actions 0.57  dream steered by controller 0.91  (2.8 min)
[ 22] seed 1000021  real off-road steps  54  P(on road) there: real 0.30  dream replaying real actions 0.14  dream steered by controller 0.91  (2.9 min)
[ 23] seed 1000022  real off-road steps  71  P(on road) there: real 0.01  dream replaying real actions 0.14  dream steered by controller 0.88  (3.1 min)
[ 24] seed 1000023  real off-road steps  71  P(on road) there: real 0.09  dream replaying real actions 0.56  dream steered by controller 0.89  (3.2 min)
[ 25] seed 1000024  real off-road steps  71  P(on road) there: real 0.01  dream replaying real actions 0.29  dream steered by controller 0.95  (3.3 min)
[ 26] seed 1000025  real off-road steps  71  P(on road) there: real 0.04  dream replaying real actions 0.38  dream steered by controller 0.92  (3.5 min)
[ 27] seed 1000026  real off-road steps  45  P(on road) there: real 0.20  dream replaying real actions 0.38  dream steered by controller 0.95  (3.6 min)
[ 28] seed 1000027  real off-road steps  71  P(on road) there: real 0.00  dream replaying real actions 0.48  dream steered by controller 0.89  (3.7 min)
[ 29] seed 1000028  real off-road steps  71  P(on road) there: real 0.02  dream replaying real actions 0.50  dream steered by controller 0.88  (3.9 min)
[ 30] seed 1000029  real off-road steps  71  P(on road) there: real 0.05  dream replaying real actions 0.27  dream steered by controller 0.96  (4.0 min)
[ 31] seed 1000030  real off-road steps  71  P(on road) there: real 0.02  dream replaying real actions 0.26  dream steered by controller 0.84  (4.1 min)
[ 32] seed 1000031  real off-road steps  71  P(on road) there: real 0.04  dream replaying real actions 0.41  dream steered by controller 0.91  (4.3 min)
[ 33] seed 1000032  real off-road steps  58  P(on road) there: real 0.19  dream replaying real actions 0.51  dream steered by controller 0.94  (4.4 min)
[ 34] seed 1000033  real off-road steps  71  P(on road) there: real 0.01  dream replaying real actions 0.44  dream steered by controller 0.91  (4.5 min)
[ 35] seed 1000034  real off-road steps  38  P(on road) there: real 0.20  dream replaying real actions 0.62  dream steered by controller 0.95  (4.7 min)
[ 36] seed 1000035  real off-road steps  71  P(on road) there: real 0.02  dream replaying real actions 0.39  dream steered by controller 0.93  (4.8 min)
[ 37] seed 1000036  real off-road steps  71  P(on road) there: real 0.02  dream replaying real actions 0.20  dream steered by controller 0.92  (4.9 min)
[ 38] seed 1000037  real off-road steps  76  P(on road) there: real 0.07  dream replaying real actions 0.48  dream steered by controller 0.91  (5.0 min)
[ 39] seed 1000038  real off-road steps  71  P(on road) there: real 0.04  dream replaying real actions 0.35  dream steered by controller 0.90  (5.2 min)
[ 40] seed 1000039  real off-road steps  71  P(on road) there: real 0.04  dream replaying real actions 0.21  dream steered by controller 0.69  (5.3 min)
[ 41] seed 1000040  real off-road steps  71  P(on road) there: real 0.02  dream replaying real actions 0.45  dream steered by controller 0.95  (5.4 min)
[ 42] seed 1000041  real off-road steps  47  P(on road) there: real 0.13  dream replaying real actions 0.24  dream steered by controller 0.99  (5.6 min)
[ 43] seed 1000042  real off-road steps  71  P(on road) there: real 0.02  dream replaying real actions 0.35  dream steered by controller 0.91  (5.7 min)
[ 44] seed 1000043  real off-road steps  61  P(on road) there: real 0.20  dream replaying real actions 0.38  dream steered by controller 0.55  (5.8 min)
[ 45] seed 1000044  real off-road steps  51  P(on road) there: real 0.44  dream replaying real actions 0.23  dream steered by controller 0.93  (6.0 min)
[ 46] seed 1000045  real off-road steps  53  P(on road) there: real 0.15  dream replaying real actions 0.20  dream steered by controller 0.97  (6.1 min)
[ 47] seed 1000046  real off-road steps  45  P(on road) there: real 0.16  dream replaying real actions 0.72  dream steered by controller 0.91  (6.2 min)
[ 48] seed 1000047  real off-road steps  71  P(on road) there: real 0.01  dream replaying real actions 0.47  dream steered by controller 0.94  (6.4 min)
[ 49] seed 1000048  real off-road steps  71  P(on road) there: real 0.02  dream replaying real actions 0.43  dream steered by controller 0.87  (6.5 min)
[ 50] seed 1000049  real off-road steps  72  P(on road) there: real 0.16  dream replaying real actions 0.24  dream steered by controller 0.53  (6.6 min)
[ 51] seed 1000050  real off-road steps  71  P(on road) there: real 0.04  dream replaying real actions 0.15  dream steered by controller 0.93  (6.8 min)
[ 52] seed 1000051  real off-road steps  71  P(on road) there: real 0.03  dream replaying real actions 0.37  dream steered by controller 0.50  (6.9 min)
[ 53] seed 1000052  real off-road steps  71  P(on road) there: real 0.03  dream replaying real actions 0.14  dream steered by controller 0.92  (7.0 min)
[ 54] seed 1000053  real off-road steps  67  P(on road) there: real 0.21  dream replaying real actions 0.21  dream steered by controller 0.93  (7.2 min)
[ 55] seed 1000054  real off-road steps  31  P(on road) there: real 0.23  dream replaying real actions 0.68  dream steered by controller 0.92  (7.3 min)
[ 56] seed 1000055  real off-road steps  50  P(on road) there: real 0.21  dream replaying real actions 0.22  dream steered by controller 0.91  (7.4 min)
[ 57] seed 1000056  real off-road steps  71  P(on road) there: real 0.01  dream replaying real actions 0.13  dream steered by controller 0.86  (7.6 min)
[ 58] seed 1000057  real off-road steps  60  P(on road) there: real 0.13  dream replaying real actions 0.46  dream steered by controller 0.90  (7.7 min)
[ 59] seed 1000058  real off-road steps  31  P(on road) there: real 0.39  dream replaying real actions 0.04  dream steered by controller 0.68  (7.8 min)
[ 60] seed 1000059  real off-road steps  45  P(on road) there: real 0.11  dream replaying real actions 0.16  dream steered by controller 0.93  (8.0 min)
[ 61] seed 1000060  real off-road steps  71  P(on road) there: real 0.01  dream replaying real actions 0.39  dream steered by controller 0.90  (8.1 min)
[ 62] seed 1000061  real off-road steps  71  P(on road) there: real 0.02  dream replaying real actions 0.26  dream steered by controller 0.85  (8.3 min)
[ 63] seed 1000062  real off-road steps  62  P(on road) there: real 0.21  dream replaying real actions 0.34  dream steered by controller 0.73  (8.4 min)
[ 64] seed 1000063  real off-road steps  39  P(on road) there: real 0.16  dream replaying real actions 0.67  dream steered by controller 0.54  (8.5 min)
[ 65] seed 1000064  real off-road steps  71  P(on road) there: real 0.22  dream replaying real actions 0.58  dream steered by controller 0.91  (8.7 min)
[ 66] seed 1000065  real off-road steps  53  P(on road) there: real 0.24  dream replaying real actions 0.35  dream steered by controller 0.94  (8.8 min)
[ 67] seed 1000066  real off-road steps  71  P(on road) there: real 0.01  dream replaying real actions 0.48  dream steered by controller 0.69  (8.9 min)
[ 68] seed 1000067  real off-road steps  71  P(on road) there: real 0.01  dream replaying real actions 0.24  dream steered by controller 0.93  (9.1 min)
[ 69] seed 1000068  real off-road steps  71  P(on road) there: real 0.02  dream replaying real actions 0.41  dream steered by controller 0.53  (9.2 min)
[ 70] seed 1000069  real off-road steps  71  P(on road) there: real 0.00  dream replaying real actions 0.15  dream steered by controller 0.95  (9.3 min)
[ 71] seed 1000070  real off-road steps  71  P(on road) there: real 0.04  dream replaying real actions 0.52  dream steered by controller 0.81  (9.5 min)
[ 72] seed 1000071  real off-road steps  71  P(on road) there: real 0.03  dream replaying real actions 0.35  dream steered by controller 0.90  (9.6 min)
[ 73] seed 1000072  real off-road steps  71  P(on road) there: real 0.05  dream replaying real actions 0.41  dream steered by controller 0.93  (9.7 min)
[ 74] seed 1000073  real off-road steps  50  P(on road) there: real 0.19  dream replaying real actions 0.54  dream steered by controller 0.94  (9.9 min)
[ 75] seed 1000074  real off-road steps  44  P(on road) there: real 0.27  dream replaying real actions 0.41  dream steered by controller 0.93  (10.0 min)
[ 76] seed 1000075  real off-road steps  71  P(on road) there: real 0.01  dream replaying real actions 0.42  dream steered by controller 0.90  (10.2 min)
[ 77] seed 1000076  real off-road steps  71  P(on road) there: real 0.01  dream replaying real actions 0.39  dream steered by controller 0.94  (10.4 min)
[ 78] seed 1000077  real off-road steps  73  P(on road) there: real 0.06  dream replaying real actions 0.14  dream steered by controller 0.57  (10.6 min)
[ 79] seed 1000078  real off-road steps  71  P(on road) there: real 0.03  dream replaying real actions 0.30  dream steered by controller 0.94  (10.8 min)
[ 80] seed 1000079  real off-road steps  71  P(on road) there: real 0.06  dream replaying real actions 0.30  dream steered by controller 0.92  (11.0 min)
[ 81] seed 1000080  real off-road steps  71  P(on road) there: real 0.02  dream replaying real actions 0.37  dream steered by controller 0.91  (11.2 min)
[ 82] seed 1000081  real off-road steps  71  P(on road) there: real 0.02  dream replaying real actions 0.24  dream steered by controller 0.89  (11.4 min)
[ 83] seed 1000082  real off-road steps  71  P(on road) there: real 0.02  dream replaying real actions 0.38  dream steered by controller 0.91  (11.5 min)
[ 84] seed 1000083  real off-road steps  71  P(on road) there: real 0.12  dream replaying real actions 0.32  dream steered by controller 0.87  (11.7 min)
[ 85] seed 1000084  real off-road steps  26  P(on road) there: real 0.20  dream replaying real actions 0.31  dream steered by controller 0.86  (11.9 min)
[ 86] seed 1000085  real off-road steps  49  P(on road) there: real 0.14  dream replaying real actions 0.16  dream steered by controller 0.94  (12.1 min)
[ 87] seed 1000086  real off-road steps  71  P(on road) there: real 0.03  dream replaying real actions 0.35  dream steered by controller 0.93  (12.3 min)
[ 88] seed 1000087  real off-road steps  71  P(on road) there: real 0.02  dream replaying real actions 0.08  dream steered by controller 0.93  (12.5 min)
[ 89] seed 1000088  real off-road steps  66  P(on road) there: real 0.15  dream replaying real actions 0.27  dream steered by controller 0.89  (12.7 min)
[ 90] seed 1000089  real off-road steps  53  P(on road) there: real 0.16  dream replaying real actions 0.16  dream steered by controller 0.96  (12.9 min)
[ 91] seed 1000090  real off-road steps  55  P(on road) there: real 0.09  dream replaying real actions 0.27  dream steered by controller 0.92  (13.0 min)
[ 92] seed 1000091  real off-road steps  29  P(on road) there: real 0.19  dream replaying real actions 0.34  dream steered by controller 0.90  (13.2 min)
[ 93] seed 1000092  real off-road steps  23  P(on road) there: real 0.46  dream replaying real actions 0.32  dream steered by controller 0.89  (13.4 min)
[ 94] seed 1000093  real off-road steps  71  P(on road) there: real 0.01  dream replaying real actions 0.39  dream steered by controller 0.90  (13.6 min)
[ 95] seed 1000094  real off-road steps  71  P(on road) there: real 0.01  dream replaying real actions 0.33  dream steered by controller 0.42  (13.8 min)
[ 96] seed 1000095  real off-road steps  71  P(on road) there: real 0.01  dream replaying real actions 0.15  dream steered by controller 0.81  (14.0 min)
[ 97] seed 1000096  real off-road steps  63  P(on road) there: real 0.14  dream replaying real actions 0.39  dream steered by controller 0.89  (14.2 min)
[ 98] seed 1000097  real off-road steps  52  P(on road) there: real 0.12  dream replaying real actions 0.09  dream steered by controller 0.96  (14.4 min)
[ 99] seed 1000098  real off-road steps  71  P(on road) there: real 0.13  dream replaying real actions 0.51  dream steered by controller 0.84  (14.6 min)
[100] seed 1000099  real off-road steps  71  P(on road) there: real 0.02  dream replaying real actions 0.20  dream steered by controller 0.94  (14.8 min)

=== summary ===
{
 "tracks": 100,
 "max_action_check": 5.289912223815918e-07,
 "primary_closed_minus_real": {
  "median": 0.8300264794379473,
  "ci95": [
   0.7834214810281992,
   0.8508124351501465
  ],
  "share_positive": 1.0,
  "wilcoxon_p": 3.89655984509591e-18
 },
 "closed_minus_open": {
  "median": 0.5573517084121704,
  "ci95": [
   0.5216200947761536,
   0.6036331184208392
  ],
  "share_positive": 0.99,
  "wilcoxon_p": 4.397113554181895e-18
 },
 "open_minus_real": {
  "median": 0.23127395613119006,
  "ci95": [
   0.1767570711672306,
   0.2904127538204193
  ],
  "share_positive": 0.89,
  "wilcoxon_p": 3.73698781710402e-15
 },
 "projected_closed_minus_real": {
  "median": 0.8604350574314594,
  "ci95": [
   0.8085739854723215,
   0.8776643238961697
  ],
  "share_positive": 1.0,
  "wilcoxon_p": 3.89655984509591e-18
 },
 "projected_open_minus_real": {
  "median": 0.23353315284475684,
  "ci95": [
   0.17537384254392235,
   0.2890872061252594
  ],
  "share_positive": 0.87,
  "wilcoxon_p": 2.5500003530567317e-14
 },
 "mean_p_off": {
  "real": 0.09956105760997161,
  "open": 0.32356851126998665,
  "closed": 0.8743785920739174,
  "open_projected": 0.319242163002491,
  "closed_projected": 0.8988841447234154
 },
 "share_of_off_steps_dream_says_on_road": {
  "open": 0.2151091784123422,
  "closed": 0.9600282047368043
 },
 "median_reward": {
  "real": 39.9904899597168,
  "open": 32.4964656829834,
  "closed": 133.09215545654297
 },
 "mean_gas": {
  "real": 0.22004449701402337,
  "closed": 0.6445098820328713
 },
 "mean_abs_steer_difference_controller_in_dream_vs_real": 0.616631016433239
}
wrote /Users/jordanbonil/Documents/source/lucid-dream-racer/reports/dream_failure_analysis/dream_closed_loop.json and /Users/jordanbonil/Documents/source/lucid-dream-racer/reports/dream_failure_analysis/closed_loop_frames.png
exit: 0
